[     740ms] [INFO] %cDownload the React DevTools for a better development experience: https://react.dev/link/react-devtools font-weight:bold @ http://localhost:3001/_next/static/chunks/node_modules_next_dist_115brz8._.js:2431
[     896ms] [LOG] [HMR] connected @ http://localhost:3001/_next/static/chunks/node_modules_next_dist_115brz8._.js:2431
[    1076ms] [ERROR] A tree hydrated but some attributes of the server rendered HTML didn't match the client properties. This won't be patched up. This can happen if a SSR-ed Client Component used:

- A server/client branch `if (typeof window !== 'undefined')`.
- Variable input such as `Date.now()` or `Math.random()` which changes each time it's called.
- Date formatting in a user's locale which doesn't match the server.
- External changing data without sending a snapshot of it along with the HTML.
- Invalid HTML tag nesting.

It can also happen if the client has a browser extension installed which messes with the HTML before React loaded.

%s%s https://react.dev/link/hydration-mismatch 

  ...
    <InnerScrollAndFocusHandlerOld focusAndScrollRef={{scrollRef:null, ...}} cacheNode={{rsc:{...}, ...}}>
      <ErrorBoundary errorComponent={undefined} errorStyles={undefined} errorScripts={undefined}>
        <LoadingBoundary name="/" loading={null}>
          <HTTPAccessFallbackBoundary notFound={{...}} forbidden={undefined} unauthorized={undefined}>
            <HTTPAccessFallbackErrorBoundary pathname="/" notFound={{...}} forbidden={undefined} unauthorized={undefined} ...>
              <RedirectBoundary>
                <RedirectErrorBoundary router={{...}}>
                  <InnerLayoutRouter url="/" tree={[...]} params={{}} cacheNode={{rsc:{...}, ...}} segmentPath={[...]} ...>
                    <SegmentViewNode type="page" pagePath="page.tsx">
                      <SegmentTrieNode>
                      <Home>
                        <TournamentFlow initialState={{config:{...}, ...}} networkBaseUrls={[...]}>
                          <TournamentSetupScreen form={{title:"Ria...", ...}} planSummary={{heading:"5...", ...}} ...>
                            <ScreenFrame eyebrow="Paso 2 · C..." title="Formato" activeUrl="http://192..." ...>
                              <div className="relative h...">
                                <div>
                                <div>
                                <main
                                  className="admin-shell relative mx-auto flex h-[100svh] w-full max-w-[1920px] flex-c..."
+                                 data-density="compact"
-                                 data-density="balanced"
+                                 style={{--admin-vw:"1280px",--admin-vh:"720px"}}
-                                 style={{--admin-vw:"1920px",--admin-vh:"1080px"}}
                                >
                    ...
                  ...
      ...
 @ http://localhost:3001/_next/static/chunks/node_modules_next_dist_115brz8._.js:3272
[    1442ms] [LOG] [Fast Refresh] rebuilding @ http://localhost:3001/_next/static/chunks/node_modules_next_dist_115brz8._.js:2431
[    1626ms] [LOG] [Fast Refresh] done in 285ms @ http://localhost:3001/_next/static/chunks/node_modules_next_dist_115brz8._.js:2431
[   72649ms] [LOG] [Fast Refresh] rebuilding @ http://localhost:3001/_next/static/chunks/node_modules_next_dist_115brz8._.js:2431
[   73031ms] [LOG] [Fast Refresh] done in 425ms @ http://localhost:3001/_next/static/chunks/node_modules_next_dist_115brz8._.js:2431
[  167831ms] [ERROR] WebSocket connection to 'ws://localhost:3001/_next/webpack-hmr?id=1f2LNEOvjdvmCJ0TSeCqK' failed: Error in connection establishment: net::ERR_CONNECTION_REFUSED @ http://localhost:3001/_next/static/chunks/node_modules_next_dist_client_0fhqo1d._.js:13299
[  168835ms] [ERROR] WebSocket connection to 'ws://localhost:3001/_next/webpack-hmr?id=1f2LNEOvjdvmCJ0TSeCqK' failed: Error in connection establishment: net::ERR_CONNECTION_REFUSED @ http://localhost:3001/_next/static/chunks/node_modules_next_dist_client_0fhqo1d._.js:13299
[  169101ms] [ERROR] Failed to load resource: net::ERR_CONNECTION_REFUSED @ http://localhost:3001/api/tournament:0
[  169840ms] [ERROR] WebSocket connection to 'ws://localhost:3001/_next/webpack-hmr?id=1f2LNEOvjdvmCJ0TSeCqK' failed: Error in connection establishment: net::ERR_CONNECTION_REFUSED @ http://localhost:3001/_next/static/chunks/node_modules_next_dist_client_0fhqo1d._.js:13299
[  170843ms] [ERROR] WebSocket connection to 'ws://localhost:3001/_next/webpack-hmr?id=1f2LNEOvjdvmCJ0TSeCqK' failed: Error in connection establishment: net::ERR_CONNECTION_REFUSED @ http://localhost:3001/_next/static/chunks/node_modules_next_dist_client_0fhqo1d._.js:13299
[  171845ms] [ERROR] WebSocket connection to 'ws://localhost:3001/_next/webpack-hmr?id=1f2LNEOvjdvmCJ0TSeCqK' failed: Error in connection establishment: net::ERR_CONNECTION_REFUSED @ http://localhost:3001/_next/static/chunks/node_modules_next_dist_client_0fhqo1d._.js:13299
[  173095ms] [ERROR] Failed to load resource: net::ERR_CONNECTION_REFUSED @ http://localhost:3001/api/tournament:0
[  176847ms] [ERROR] WebSocket connection to 'ws://localhost:3001/_next/webpack-hmr?id=1f2LNEOvjdvmCJ0TSeCqK' failed: Error in connection establishment: net::ERR_CONNECTION_REFUSED @ http://localhost:3001/_next/static/chunks/node_modules_next_dist_client_0fhqo1d._.js:13299
[  177095ms] [ERROR] Failed to load resource: net::ERR_CONNECTION_REFUSED @ http://localhost:3001/api/tournament:0
[  181099ms] [ERROR] Failed to load resource: net::ERR_CONNECTION_REFUSED @ http://localhost:3001/api/tournament:0
[  181851ms] [ERROR] WebSocket connection to 'ws://localhost:3001/_next/webpack-hmr?id=1f2LNEOvjdvmCJ0TSeCqK' failed: Error in connection establishment: net::ERR_CONNECTION_REFUSED @ http://localhost:3001/_next/static/chunks/node_modules_next_dist_client_0fhqo1d._.js:13299
[  185097ms] [ERROR] Failed to load resource: net::ERR_CONNECTION_REFUSED @ http://localhost:3001/api/tournament:0
[  186855ms] [ERROR] WebSocket connection to 'ws://localhost:3001/_next/webpack-hmr?id=1f2LNEOvjdvmCJ0TSeCqK' failed: Error in connection establishment: net::ERR_CONNECTION_REFUSED @ http://localhost:3001/_next/static/chunks/node_modules_next_dist_client_0fhqo1d._.js:13299
[  189097ms] [ERROR] Failed to load resource: net::ERR_CONNECTION_REFUSED @ http://localhost:3001/api/tournament:0
[  191863ms] [ERROR] WebSocket connection to 'ws://localhost:3001/_next/webpack-hmr?id=1f2LNEOvjdvmCJ0TSeCqK' failed: Error in connection establishment: net::ERR_CONNECTION_REFUSED @ http://localhost:3001/_next/static/chunks/node_modules_next_dist_client_0fhqo1d._.js:13299
[  193096ms] [ERROR] Failed to load resource: net::ERR_CONNECTION_REFUSED @ http://localhost:3001/api/tournament:0
[  196868ms] [ERROR] WebSocket connection to 'ws://localhost:3001/_next/webpack-hmr?id=1f2LNEOvjdvmCJ0TSeCqK' failed: Error in connection establishment: net::ERR_CONNECTION_REFUSED @ http://localhost:3001/_next/static/chunks/node_modules_next_dist_client_0fhqo1d._.js:13299
[  197096ms] [ERROR] Failed to load resource: net::ERR_CONNECTION_REFUSED @ http://localhost:3001/api/tournament:0
[  201096ms] [ERROR] Failed to load resource: net::ERR_CONNECTION_REFUSED @ http://localhost:3001/api/tournament:0
[  201872ms] [ERROR] WebSocket connection to 'ws://localhost:3001/_next/webpack-hmr?id=1f2LNEOvjdvmCJ0TSeCqK' failed: Error in connection establishment: net::ERR_CONNECTION_REFUSED @ http://localhost:3001/_next/static/chunks/node_modules_next_dist_client_0fhqo1d._.js:13299
[  205096ms] [ERROR] Failed to load resource: net::ERR_CONNECTION_REFUSED @ http://localhost:3001/api/tournament:0
[  206878ms] [ERROR] WebSocket connection to 'ws://localhost:3001/_next/webpack-hmr?id=1f2LNEOvjdvmCJ0TSeCqK' failed: Error in connection establishment: net::ERR_CONNECTION_REFUSED @ http://localhost:3001/_next/static/chunks/node_modules_next_dist_client_0fhqo1d._.js:13299
